
> akash-pallam-portfolio@1.0.0 build
> next build

  ▲ Next.js 14.2.5

   Creating an optimized production build ...
 ✓ Compiled successfully
   Linting and checking validity of types ...
Failed to compile.

./components/ProjectCard.tsx:31:16
Type error: Cannot find name 'GitHub'. Did you mean 'Github'?

[0m [90m 29 |[39m           [33m<[39m[33mdiv[39m className[33m=[39m[32m"inline-flex items-center gap-3 text-cyan-300"[39m[33m>[39m[0m
[0m [90m 30 |[39m             [33m<[39m[33ma[39m href[33m=[39m{project[33m.[39mrepo} target[33m=[39m[32m"_blank"[39m rel[33m=[39m[32m"noreferrer"[39m className[33m=[39m[32m"rounded-full border border-cyan-400/20 bg-slate-900/80 p-3 transition hover:border-cyan-300/50"[39m[33m>[39m[0m
[0m[31m[1m>[22m[39m[90m 31 |[39m               [33m<[39m[33mGitHub[39m size[33m=[39m{[35m18[39m} [33m/[39m[33m>[39m[0m
[0m [90m    |[39m                [31m[1m^[22m[39m[0m
[0m [90m 32 |[39m             [33m<[39m[33m/[39m[33ma[39m[33m>[39m[0m
[0m [90m 33 |[39m             [33m<[39m[33ma[39m href[33m=[39m{project[33m.[39mlive} target[33m=[39m[32m"_blank"[39m rel[33m=[39m[32m"noreferrer"[39m className[33m=[39m[32m"rounded-full border border-cyan-400/20 bg-slate-900/80 p-3 transition hover:border-cyan-300/50"[39m[33m>[39m[0m
[0m [90m 34 |[39m               [33m<[39m[33mGlobe[39m size[33m=[39m{[35m18[39m} [33m/[39m[33m>[39m[0m
